// Jest Snapshot v1, https://goo.gl/fbAQLP

exports[`<ItemListCell /> renders without crashing 1`] = `
Array [
  <Image
    source={
      Object {
        "uri": "source",
      }
    }
    style={
      Object {
        "height": 145,
        "marginBottom": 20,
        "width": 145,
      }
    }
  />,
  <Text
    accessible={true}
    allowFontScaling={true}
    ellipsizeMode="tail"
    style={
      Object {
        "color": "#0093A8",
        "fontFamily": "Caviar Dreams Bold",
        "fontSize": 20,
        "marginBottom": 15,
        "textAlign": "center",
      }
    }
  >
    page title
  </Text>,
  <TextInput
    allowFontScaling={true}
    autoFocus={true}
    caretHidden={true}
    keyboardType="numeric"
    maxLength={4}
    onChangeText={[Function]}
    onSubmitEditing={[Function]}
    placeholder="text input placeholder"
    secureTextEntry={true}
    style={
      Object {
        "fontSize": 20,
        "height": 40,
        "textAlign": "center",
      }
    }
    value="text input value"
  />,
  <Text
    accessible={true}
    allowFontScaling={true}
    ellipsizeMode="tail"
    style={
      Object {
        "color": "#C00",
        "textAlign": "center",
      }
    }
  >
    displayed message
  </Text>,
]
`;
